// Jest Snapshot v1, https://goo.gl/fbAQLP

exports[`TableRow Component matches snapshot 1`] = `<DocumentFragment />`;
